{
  "version": "1.5.0",
  "filters_used": [
    {
      "path": "detect_secrets.filters.allowlist.is_line_allowlisted"
    },
    {
      "path": "detect_secrets.filters.common.is_ignored_due_to_verification_policies",
      "min_level": 2
    }
  ],
  "results": {},
  "generated_at": "2025-11-05T00:00:00Z"
}
